🦥 Unsloth: Will patch your computer to enable 2x faster free finetuning.
Unsloth: Your Flash Attention 2 installation seems to be broken. Using Xformers instead. No performance changes will be seen.
🦥 Unsloth Zoo will now patch everything to make training faster!
Loading data...
Train pool: 706  |  Eval: 177

Pre-computing cumulative sample sets...
  size=100: pos=57, neg=43, pos_ratio=0.570
  size=200: pos=114, neg=86, pos_ratio=0.570
  size=300: pos=171, neg=129, pos_ratio=0.570
  size=400: pos=228, neg=172, pos_ratio=0.570
  size=500: pos=286, neg=214, pos_ratio=0.572
  size=600: pos=343, neg=257, pos_ratio=0.572
  size=700: pos=401, neg=299, pos_ratio=0.573

============================================================
  Step 1/7  |  train_size=100  |  eval_size=177
============================================================

==((====))==  Unsloth 2026.3.18: Fast Qwen3_5_MoE patching. Transformers: 5.3.0.
   \\   /|    NVIDIA RTX 6000 Ada Generation. Num GPUs = 2. Max memory: 47.374 GB. Platform: Linux.
O^O/ \_/ \    Torch: 2.11.0+cu130. CUDA: 8.9. CUDA Toolkit: 13.0. Triton: 3.6.0
\        /    Bfloat16 = TRUE. FA [Xformers = 0.0.35. FA2 = False]
 "-____-"     Free license: http://github.com/unslothai/unsloth
Unsloth: Fast downloading is enabled - ignore downloading bars which are red colored!
Unsloth: Detected MoE model with num_experts = 256 and target_modules = ['q_proj', 'k_proj', 'v_proj', 'o_proj', 'gate_proj', 'up_proj', 'down_proj']. Enabling LoRA on MoE parameters: ['mlp.experts.gate_up_proj', 'mlp.experts.down_proj']
Unsloth: Making `model.base_model.model.model.language_model` require gradients
{'loss': '19.93', 'grad_norm': '1.109', 'learning_rate': '5.28e-05', 'epoch': '0.4'}
{'loss': '19.01', 'grad_norm': '0.9099', 'learning_rate': '0.0001188', 'epoch': '0.8'}
{'loss': '15.19', 'grad_norm': '0.9272', 'learning_rate': '0.0001224', 'epoch': '1.16'}
{'loss': '15.14', 'grad_norm': '1.076', 'learning_rate': '0.0001104', 'epoch': '1.56'}
{'loss': '13.37', 'grad_norm': '1.205', 'learning_rate': '9.84e-05', 'epoch': '1.96'}
{'loss': '10.11', 'grad_norm': '1.377', 'learning_rate': '8.64e-05', 'epoch': '2.32'}
{'loss': '9.576', 'grad_norm': '1.364', 'learning_rate': '7.44e-05', 'epoch': '2.72'}
{'loss': '6.828', 'grad_norm': '1.374', 'learning_rate': '6.24e-05', 'epoch': '3.08'}
{'loss': '6.465', 'grad_norm': '1.374', 'learning_rate': '5.04e-05', 'epoch': '3.48'}
{'loss': '4.937', 'grad_norm': '1.42', 'learning_rate': '3.84e-05', 'epoch': '3.88'}
{'loss': '3.713', 'grad_norm': '1.252', 'learning_rate': '2.64e-05', 'epoch': '4.24'}
{'loss': '3.42', 'grad_norm': '1.159', 'learning_rate': '1.44e-05', 'epoch': '4.64'}
{'loss': '2.987', 'grad_norm': '0.5919', 'learning_rate': '2.4e-06', 'epoch': '5'}
{'train_runtime': '701.4', 'train_samples_per_second': '0.713', 'train_steps_per_second': '0.093', 'train_loss': '10.05', 'epoch': '5'}

  F1 on eval set: 0.8140
  Checkpoint saved: models/saturation_results_35B.json

============================================================
  Step 2/7  |  train_size=200  |  eval_size=177
============================================================

==((====))==  Unsloth 2026.3.18: Fast Qwen3_5_MoE patching. Transformers: 5.3.0.
   \\   /|    NVIDIA RTX 6000 Ada Generation. Num GPUs = 2. Max memory: 47.374 GB. Platform: Linux.
O^O/ \_/ \    Torch: 2.11.0+cu130. CUDA: 8.9. CUDA Toolkit: 13.0. Triton: 3.6.0
\        /    Bfloat16 = TRUE. FA [Xformers = 0.0.35. FA2 = False]
 "-____-"     Free license: http://github.com/unslothai/unsloth
Unsloth: Fast downloading is enabled - ignore downloading bars which are red colored!
Unsloth: Detected MoE model with num_experts = 256 and target_modules = ['q_proj', 'k_proj', 'v_proj', 'o_proj', 'gate_proj', 'up_proj', 'down_proj']. Enabling LoRA on MoE parameters: ['mlp.experts.gate_up_proj', 'mlp.experts.down_proj']
Unsloth: Making `model.base_model.model.model.language_model` require gradients
{'loss': '19.96', 'grad_norm': '1.082', 'learning_rate': '5.28e-05', 'epoch': '0.2'}
{'loss': '19.07', 'grad_norm': '0.9122', 'learning_rate': '0.0001188', 'epoch': '0.4'}
{'loss': '16.97', 'grad_norm': '0.9243', 'learning_rate': '0.0001274', 'epoch': '0.6'}
{'loss': '15', 'grad_norm': '1.065', 'learning_rate': '0.0001217', 'epoch': '0.8'}
{'loss': '12.85', 'grad_norm': '1.245', 'learning_rate': '0.0001159', 'epoch': '1'}
{'loss': '10.65', 'grad_norm': '1.451', 'learning_rate': '0.0001102', 'epoch': '1.2'}
{'loss': '8.247', 'grad_norm': '1.379', 'learning_rate': '0.0001045', 'epoch': '1.4'}
{'loss': '6.114', 'grad_norm': '1.461', 'learning_rate': '9.871e-05', 'epoch': '1.6'}
{'loss': '3.94', 'grad_norm': '1.256', 'learning_rate': '9.297e-05', 'epoch': '1.8'}
{'loss': '3', 'grad_norm': '0.9149', 'learning_rate': '8.723e-05', 'epoch': '2'}
{'loss': '1.788', 'grad_norm': '0.4942', 'learning_rate': '8.149e-05', 'epoch': '2.2'}
{'loss': '1.462', 'grad_norm': '0.3617', 'learning_rate': '7.576e-05', 'epoch': '2.4'}
{'loss': '1.501', 'grad_norm': '0.2621', 'learning_rate': '7.002e-05', 'epoch': '2.6'}
{'loss': '1.514', 'grad_norm': '0.2513', 'learning_rate': '6.428e-05', 'epoch': '2.8'}
{'loss': '1.383', 'grad_norm': '0.2671', 'learning_rate': '5.854e-05', 'epoch': '3'}
{'loss': '1.446', 'grad_norm': '0.2289', 'learning_rate': '5.28e-05', 'epoch': '3.2'}
{'loss': '1.284', 'grad_norm': '0.2189', 'learning_rate': '4.706e-05', 'epoch': '3.4'}
{'loss': '1.113', 'grad_norm': '0.2074', 'learning_rate': '4.132e-05', 'epoch': '3.6'}
{'loss': '1.346', 'grad_norm': '0.1848', 'learning_rate': '3.558e-05', 'epoch': '3.8'}
{'loss': '1.448', 'grad_norm': '0.2243', 'learning_rate': '2.984e-05', 'epoch': '4'}
{'loss': '1.344', 'grad_norm': '0.215', 'learning_rate': '2.41e-05', 'epoch': '4.2'}
{'loss': '1.284', 'grad_norm': '0.1813', 'learning_rate': '1.836e-05', 'epoch': '4.4'}
{'loss': '1.403', 'grad_norm': '0.1858', 'learning_rate': '1.263e-05', 'epoch': '4.6'}
{'loss': '1.181', 'grad_norm': '0.231', 'learning_rate': '6.887e-06', 'epoch': '4.8'}
{'loss': '1.227', 'grad_norm': '0.263', 'learning_rate': '1.148e-06', 'epoch': '5'}
{'train_runtime': '1565', 'train_samples_per_second': '0.639', 'train_steps_per_second': '0.08', 'train_loss': '5.461', 'epoch': '5'}

  F1 on eval set: 0.9655
  Checkpoint saved: models/saturation_results_35B.json

============================================================
  Step 3/7  |  train_size=300  |  eval_size=177
============================================================

==((====))==  Unsloth 2026.3.18: Fast Qwen3_5_MoE patching. Transformers: 5.3.0.
   \\   /|    NVIDIA RTX 6000 Ada Generation. Num GPUs = 2. Max memory: 47.374 GB. Platform: Linux.
O^O/ \_/ \    Torch: 2.11.0+cu130. CUDA: 8.9. CUDA Toolkit: 13.0. Triton: 3.6.0
\        /    Bfloat16 = TRUE. FA [Xformers = 0.0.35. FA2 = False]
 "-____-"     Free license: http://github.com/unslothai/unsloth
Unsloth: Fast downloading is enabled - ignore downloading bars which are red colored!
Unsloth: Detected MoE model with num_experts = 256 and target_modules = ['q_proj', 'k_proj', 'v_proj', 'o_proj', 'gate_proj', 'up_proj', 'down_proj']. Enabling LoRA on MoE parameters: ['mlp.experts.gate_up_proj', 'mlp.experts.down_proj']
Unsloth: Making `model.base_model.model.model.language_model` require gradients
{'loss': '19.89', 'grad_norm': '1.104', 'learning_rate': '5.28e-05', 'epoch': '0.1333'}
{'loss': '19', 'grad_norm': '0.9274', 'learning_rate': '0.0001188', 'epoch': '0.2667'}
{'loss': '17.1', 'grad_norm': '0.937', 'learning_rate': '0.0001291', 'epoch': '0.4'}
{'loss': '14.82', 'grad_norm': '1.074', 'learning_rate': '0.0001254', 'epoch': '0.5333'}
{'loss': '12.8', 'grad_norm': '1.243', 'learning_rate': '0.0001217', 'epoch': '0.6667'}
{'loss': '10.7', 'grad_norm': '1.408', 'learning_rate': '0.0001181', 'epoch': '0.8'}
{'loss': '8.087', 'grad_norm': '1.382', 'learning_rate': '0.0001144', 'epoch': '0.9333'}
{'loss': '5.089', 'grad_norm': '1.458', 'learning_rate': '0.0001107', 'epoch': '1.053'}
{'loss': '3.597', 'grad_norm': '1.272', 'learning_rate': '0.0001071', 'epoch': '1.187'}
{'loss': '2.234', 'grad_norm': '0.8628', 'learning_rate': '0.0001034', 'epoch': '1.32'}
{'loss': '1.669', 'grad_norm': '0.4443', 'learning_rate': '9.973e-05', 'epoch': '1.453'}
{'loss': '1.543', 'grad_norm': '0.3972', 'learning_rate': '9.607e-05', 'epoch': '1.587'}
{'loss': '1.304', 'grad_norm': '0.2496', 'learning_rate': '9.24e-05', 'epoch': '1.72'}
{'loss': '1.295', 'grad_norm': '0.2272', 'learning_rate': '8.873e-05', 'epoch': '1.853'}
{'loss': '1.475', 'grad_norm': '0.2226', 'learning_rate': '8.507e-05', 'epoch': '1.987'}
{'loss': '1.276', 'grad_norm': '0.2473', 'learning_rate': '8.14e-05', 'epoch': '2.107'}
{'loss': '1.364', 'grad_norm': '0.1888', 'learning_rate': '7.773e-05', 'epoch': '2.24'}
{'loss': '1.175', 'grad_norm': '0.2551', 'learning_rate': '7.407e-05', 'epoch': '2.373'}
{'loss': '1.16', 'grad_norm': '0.1824', 'learning_rate': '7.04e-05', 'epoch': '2.507'}
{'loss': '1.156', 'grad_norm': '0.19', 'learning_rate': '6.673e-05', 'epoch': '2.64'}
{'loss': '1.375', 'grad_norm': '0.2486', 'learning_rate': '6.307e-05', 'epoch': '2.773'}
{'loss': '1.286', 'grad_norm': '0.2147', 'learning_rate': '5.94e-05', 'epoch': '2.907'}
{'loss': '1.097', 'grad_norm': '0.1901', 'learning_rate': '5.573e-05', 'epoch': '3.027'}
{'loss': '1.199', 'grad_norm': '0.1976', 'learning_rate': '5.207e-05', 'epoch': '3.16'}
{'loss': '1.138', 'grad_norm': '0.1763', 'learning_rate': '4.84e-05', 'epoch': '3.293'}
{'loss': '1.128', 'grad_norm': '0.2242', 'learning_rate': '4.473e-05', 'epoch': '3.427'}
{'loss': '1.418', 'grad_norm': '0.2313', 'learning_rate': '4.107e-05', 'epoch': '3.56'}
{'loss': '1.139', 'grad_norm': '0.171', 'learning_rate': '3.74e-05', 'epoch': '3.693'}
{'loss': '1.229', 'grad_norm': '0.1864', 'learning_rate': '3.373e-05', 'epoch': '3.827'}
{'loss': '1.147', 'grad_norm': '0.1661', 'learning_rate': '3.007e-05', 'epoch': '3.96'}
{'loss': '1.114', 'grad_norm': '0.1927', 'learning_rate': '2.64e-05', 'epoch': '4.08'}
{'loss': '1.336', 'grad_norm': '0.1622', 'learning_rate': '2.273e-05', 'epoch': '4.213'}
{'loss': '1.404', 'grad_norm': '0.1515', 'learning_rate': '1.907e-05', 'epoch': '4.347'}
{'loss': '1.168', 'grad_norm': '0.1609', 'learning_rate': '1.54e-05', 'epoch': '4.48'}
{'loss': '1.137', 'grad_norm': '0.1719', 'learning_rate': '1.173e-05', 'epoch': '4.613'}
{'loss': '1.079', 'grad_norm': '0.1754', 'learning_rate': '8.067e-06', 'epoch': '4.747'}
{'loss': '1.125', 'grad_norm': '0.1714', 'learning_rate': '4.4e-06', 'epoch': '4.88'}
{'loss': '0.9766', 'grad_norm': '0.1295', 'learning_rate': '7.333e-07', 'epoch': '5'}
{'train_runtime': '2534', 'train_samples_per_second': '0.592', 'train_steps_per_second': '0.075', 'train_loss': '3.901', 'epoch': '5'}

  F1 on eval set: 0.9495
  Checkpoint saved: models/saturation_results_35B.json

============================================================
  Step 4/7  |  train_size=400  |  eval_size=177
============================================================

==((====))==  Unsloth 2026.3.18: Fast Qwen3_5_MoE patching. Transformers: 5.3.0.
   \\   /|    NVIDIA RTX 6000 Ada Generation. Num GPUs = 2. Max memory: 47.374 GB. Platform: Linux.
O^O/ \_/ \    Torch: 2.11.0+cu130. CUDA: 8.9. CUDA Toolkit: 13.0. Triton: 3.6.0
\        /    Bfloat16 = TRUE. FA [Xformers = 0.0.35. FA2 = False]
 "-____-"     Free license: http://github.com/unslothai/unsloth
Unsloth: Fast downloading is enabled - ignore downloading bars which are red colored!
Unsloth: Detected MoE model with num_experts = 256 and target_modules = ['q_proj', 'k_proj', 'v_proj', 'o_proj', 'gate_proj', 'up_proj', 'down_proj']. Enabling LoRA on MoE parameters: ['mlp.experts.gate_up_proj', 'mlp.experts.down_proj']
Unsloth: Making `model.base_model.model.model.language_model` require gradients
{'loss': '19.79', 'grad_norm': '1.106', 'learning_rate': '5.28e-05', 'epoch': '0.1'}
{'loss': '19.04', 'grad_norm': '0.9097', 'learning_rate': '0.0001188', 'epoch': '0.2'}
{'loss': '17.11', 'grad_norm': '0.9338', 'learning_rate': '0.0001298', 'epoch': '0.3'}
{'loss': '15.02', 'grad_norm': '1.07', 'learning_rate': '0.000127', 'epoch': '0.4'}
{'loss': '12.87', 'grad_norm': '1.221', 'learning_rate': '0.0001243', 'epoch': '0.5'}
{'loss': '10.46', 'grad_norm': '1.424', 'learning_rate': '0.0001215', 'epoch': '0.6'}
{'loss': '7.921', 'grad_norm': '1.412', 'learning_rate': '0.0001188', 'epoch': '0.7'}
{'loss': '5.637', 'grad_norm': '1.452', 'learning_rate': '0.000116', 'epoch': '0.8'}
{'loss': '3.536', 'grad_norm': '1.275', 'learning_rate': '0.0001133', 'epoch': '0.9'}
{'loss': '2.008', 'grad_norm': '0.7235', 'learning_rate': '0.0001105', 'epoch': '1'}
{'loss': '1.488', 'grad_norm': '0.505', 'learning_rate': '0.0001078', 'epoch': '1.1'}
{'loss': '1.691', 'grad_norm': '0.3002', 'learning_rate': '0.000105', 'epoch': '1.2'}
{'loss': '1.36', 'grad_norm': '0.2494', 'learning_rate': '0.0001023', 'epoch': '1.3'}
{'loss': '1.289', 'grad_norm': '0.3201', 'learning_rate': '9.955e-05', 'epoch': '1.4'}
{'loss': '1.57', 'grad_norm': '0.2301', 'learning_rate': '9.68e-05', 'epoch': '1.5'}
{'loss': '1.323', 'grad_norm': '0.2548', 'learning_rate': '9.405e-05', 'epoch': '1.6'}
{'loss': '1.282', 'grad_norm': '0.229', 'learning_rate': '9.13e-05', 'epoch': '1.7'}
{'loss': '1.315', 'grad_norm': '0.1975', 'learning_rate': '8.855e-05', 'epoch': '1.8'}
{'loss': '1.255', 'grad_norm': '0.2513', 'learning_rate': '8.58e-05', 'epoch': '1.9'}
{'loss': '1.34', 'grad_norm': '0.191', 'learning_rate': '8.305e-05', 'epoch': '2'}
{'loss': '0.964', 'grad_norm': '0.1759', 'learning_rate': '8.03e-05', 'epoch': '2.1'}
{'loss': '1.316', 'grad_norm': '0.1647', 'learning_rate': '7.755e-05', 'epoch': '2.2'}
{'loss': '1.45', 'grad_norm': '0.221', 'learning_rate': '7.48e-05', 'epoch': '2.3'}
{'loss': '1.239', 'grad_norm': '0.1757', 'learning_rate': '7.205e-05', 'epoch': '2.4'}
{'loss': '1.285', 'grad_norm': '0.1779', 'learning_rate': '6.93e-05', 'epoch': '2.5'}
{'loss': '1.316', 'grad_norm': '0.171', 'learning_rate': '6.655e-05', 'epoch': '2.6'}
{'loss': '1.381', 'grad_norm': '0.2361', 'learning_rate': '6.38e-05', 'epoch': '2.7'}
{'loss': '1.278', 'grad_norm': '0.1567', 'learning_rate': '6.105e-05', 'epoch': '2.8'}
{'loss': '1.02', 'grad_norm': '0.1876', 'learning_rate': '5.83e-05', 'epoch': '2.9'}
{'loss': '1.153', 'grad_norm': '0.1583', 'learning_rate': '5.555e-05', 'epoch': '3'}
{'loss': '1.094', 'grad_norm': '0.1655', 'learning_rate': '5.28e-05', 'epoch': '3.1'}
{'loss': '1.431', 'grad_norm': '0.1917', 'learning_rate': '5.005e-05', 'epoch': '3.2'}
{'loss': '1.339', 'grad_norm': '0.1648', 'learning_rate': '4.73e-05', 'epoch': '3.3'}
{'loss': '1.122', 'grad_norm': '0.168', 'learning_rate': '4.455e-05', 'epoch': '3.4'}
{'loss': '1.05', 'grad_norm': '0.1441', 'learning_rate': '4.18e-05', 'epoch': '3.5'}
{'loss': '1.19', 'grad_norm': '0.2127', 'learning_rate': '3.905e-05', 'epoch': '3.6'}
{'loss': '1.089', 'grad_norm': '0.1483', 'learning_rate': '3.63e-05', 'epoch': '3.7'}
{'loss': '1.201', 'grad_norm': '0.1495', 'learning_rate': '3.355e-05', 'epoch': '3.8'}
{'loss': '1.27', 'grad_norm': '0.1673', 'learning_rate': '3.08e-05', 'epoch': '3.9'}
{'loss': '1.217', 'grad_norm': '0.1508', 'learning_rate': '2.805e-05', 'epoch': '4'}
{'loss': '1.06', 'grad_norm': '0.1504', 'learning_rate': '2.53e-05', 'epoch': '4.1'}
{'loss': '1.282', 'grad_norm': '0.1852', 'learning_rate': '2.255e-05', 'epoch': '4.2'}
{'loss': '1.268', 'grad_norm': '0.1706', 'learning_rate': '1.98e-05', 'epoch': '4.3'}
{'loss': '1.209', 'grad_norm': '0.1701', 'learning_rate': '1.705e-05', 'epoch': '4.4'}
{'loss': '1.198', 'grad_norm': '0.1912', 'learning_rate': '1.43e-05', 'epoch': '4.5'}
{'loss': '1.151', 'grad_norm': '0.1499', 'learning_rate': '1.155e-05', 'epoch': '4.6'}
{'loss': '1.277', 'grad_norm': '0.1404', 'learning_rate': '8.8e-06', 'epoch': '4.7'}
{'loss': '1.138', 'grad_norm': '0.1592', 'learning_rate': '6.05e-06', 'epoch': '4.8'}
{'loss': '1.129', 'grad_norm': '0.1471', 'learning_rate': '3.3e-06', 'epoch': '4.9'}
{'loss': '1.122', 'grad_norm': '0.1296', 'learning_rate': '5.5e-07', 'epoch': '5'}
{'train_runtime': '3404', 'train_samples_per_second': '0.588', 'train_steps_per_second': '0.073', 'train_loss': '3.271', 'epoch': '5'}

  F1 on eval set: 0.9557
  Checkpoint saved: models/saturation_results_35B.json

============================================================
  Step 5/7  |  train_size=500  |  eval_size=177
============================================================

==((====))==  Unsloth 2026.3.18: Fast Qwen3_5_MoE patching. Transformers: 5.3.0.
   \\   /|    NVIDIA RTX 6000 Ada Generation. Num GPUs = 2. Max memory: 47.374 GB. Platform: Linux.
O^O/ \_/ \    Torch: 2.11.0+cu130. CUDA: 8.9. CUDA Toolkit: 13.0. Triton: 3.6.0
\        /    Bfloat16 = TRUE. FA [Xformers = 0.0.35. FA2 = False]
 "-____-"     Free license: http://github.com/unslothai/unsloth
Unsloth: Fast downloading is enabled - ignore downloading bars which are red colored!
Unsloth: Detected MoE model with num_experts = 256 and target_modules = ['q_proj', 'k_proj', 'v_proj', 'o_proj', 'gate_proj', 'up_proj', 'down_proj']. Enabling LoRA on MoE parameters: ['mlp.experts.gate_up_proj', 'mlp.experts.down_proj']
Unsloth: Making `model.base_model.model.model.language_model` require gradients
{'loss': '19.93', 'grad_norm': '1.09', 'learning_rate': '5.28e-05', 'epoch': '0.08'}
{'loss': '19.08', 'grad_norm': '0.933', 'learning_rate': '0.0001188', 'epoch': '0.16'}
{'loss': '17.18', 'grad_norm': '0.9273', 'learning_rate': '0.0001303', 'epoch': '0.24'}
{'loss': '15.08', 'grad_norm': '1.078', 'learning_rate': '0.0001281', 'epoch': '0.32'}
{'loss': '12.93', 'grad_norm': '1.249', 'learning_rate': '0.0001259', 'epoch': '0.4'}
{'loss': '10.47', 'grad_norm': '1.513', 'learning_rate': '0.0001238', 'epoch': '0.48'}
{'loss': '7.749', 'grad_norm': '1.407', 'learning_rate': '0.0001216', 'epoch': '0.56'}
{'loss': '5.383', 'grad_norm': '1.426', 'learning_rate': '0.0001194', 'epoch': '0.64'}
{'loss': '3.333', 'grad_norm': '1.358', 'learning_rate': '0.0001173', 'epoch': '0.72'}
{'loss': '1.955', 'grad_norm': '0.5662', 'learning_rate': '0.0001151', 'epoch': '0.8'}
{'loss': '1.482', 'grad_norm': '0.411', 'learning_rate': '0.000113', 'epoch': '0.88'}
{'loss': '1.518', 'grad_norm': '0.3306', 'learning_rate': '0.0001108', 'epoch': '0.96'}
{'loss': '1.497', 'grad_norm': '0.377', 'learning_rate': '0.0001086', 'epoch': '1.032'}
{'loss': '1.466', 'grad_norm': '0.2485', 'learning_rate': '0.0001065', 'epoch': '1.112'}
{'loss': '1.335', 'grad_norm': '0.2696', 'learning_rate': '0.0001043', 'epoch': '1.192'}
{'loss': '1.243', 'grad_norm': '0.2108', 'learning_rate': '0.0001021', 'epoch': '1.272'}
{'loss': '1.231', 'grad_norm': '0.1907', 'learning_rate': '9.997e-05', 'epoch': '1.352'}
{'loss': '1.371', 'grad_norm': '0.1946', 'learning_rate': '9.781e-05', 'epoch': '1.432'}
{'loss': '1.213', 'grad_norm': '0.2328', 'learning_rate': '9.564e-05', 'epoch': '1.512'}
{'loss': '1.191', 'grad_norm': '0.1775', 'learning_rate': '9.348e-05', 'epoch': '1.592'}
{'loss': '1.461', 'grad_norm': '0.1985', 'learning_rate': '9.132e-05', 'epoch': '1.672'}
{'loss': '1.248', 'grad_norm': '0.1732', 'learning_rate': '8.915e-05', 'epoch': '1.752'}
{'loss': '1.202', 'grad_norm': '0.1663', 'learning_rate': '8.699e-05', 'epoch': '1.832'}
{'loss': '1.236', 'grad_norm': '0.183', 'learning_rate': '8.482e-05', 'epoch': '1.912'}
{'loss': '1.251', 'grad_norm': '0.1886', 'learning_rate': '8.266e-05', 'epoch': '1.992'}
{'loss': '1.038', 'grad_norm': '0.1546', 'learning_rate': '8.05e-05', 'epoch': '2.064'}
{'loss': '1.317', 'grad_norm': '0.1921', 'learning_rate': '7.833e-05', 'epoch': '2.144'}
{'loss': '1.202', 'grad_norm': '0.141', 'learning_rate': '7.617e-05', 'epoch': '2.224'}
{'loss': '1.158', 'grad_norm': '0.1741', 'learning_rate': '7.401e-05', 'epoch': '2.304'}
{'loss': '1.294', 'grad_norm': '0.2011', 'learning_rate': '7.184e-05', 'epoch': '2.384'}
{'loss': '1.26', 'grad_norm': '0.1836', 'learning_rate': '6.968e-05', 'epoch': '2.464'}
{'loss': '1.314', 'grad_norm': '0.152', 'learning_rate': '6.751e-05', 'epoch': '2.544'}
{'loss': '1.37', 'grad_norm': '0.1821', 'learning_rate': '6.535e-05', 'epoch': '2.624'}
{'loss': '1.122', 'grad_norm': '0.1485', 'learning_rate': '6.319e-05', 'epoch': '2.704'}
{'loss': '1.064', 'grad_norm': '0.1237', 'learning_rate': '6.102e-05', 'epoch': '2.784'}
{'loss': '1.074', 'grad_norm': '0.1593', 'learning_rate': '5.886e-05', 'epoch': '2.864'}
{'loss': '1.27', 'grad_norm': '0.1658', 'learning_rate': '5.669e-05', 'epoch': '2.944'}
{'loss': '1.045', 'grad_norm': '0.1671', 'learning_rate': '5.453e-05', 'epoch': '3.016'}
{'loss': '1.164', 'grad_norm': '0.159', 'learning_rate': '5.237e-05', 'epoch': '3.096'}
{'loss': '1.222', 'grad_norm': '0.1553', 'learning_rate': '5.02e-05', 'epoch': '3.176'}
{'loss': '1.193', 'grad_norm': '0.1499', 'learning_rate': '4.804e-05', 'epoch': '3.256'}
{'loss': '1.29', 'grad_norm': '0.1579', 'learning_rate': '4.587e-05', 'epoch': '3.336'}
{'loss': '1.087', 'grad_norm': '0.1435', 'learning_rate': '4.371e-05', 'epoch': '3.416'}
{'loss': '1.084', 'grad_norm': '0.1534', 'learning_rate': '4.155e-05', 'epoch': '3.496'}
{'loss': '1.228', 'grad_norm': '0.2111', 'learning_rate': '3.938e-05', 'epoch': '3.576'}
{'loss': '1.172', 'grad_norm': '0.127', 'learning_rate': '3.722e-05', 'epoch': '3.656'}
{'loss': '0.9802', 'grad_norm': '0.1615', 'learning_rate': '3.506e-05', 'epoch': '3.736'}
{'loss': '1.243', 'grad_norm': '0.1478', 'learning_rate': '3.289e-05', 'epoch': '3.816'}
{'loss': '1.148', 'grad_norm': '0.1588', 'learning_rate': '3.073e-05', 'epoch': '3.896'}
{'loss': '1.305', 'grad_norm': '0.1367', 'learning_rate': '2.856e-05', 'epoch': '3.976'}
{'loss': '0.9849', 'grad_norm': '0.1433', 'learning_rate': '2.64e-05', 'epoch': '4.048'}
{'loss': '0.9993', 'grad_norm': '0.131', 'learning_rate': '2.424e-05', 'epoch': '4.128'}
{'loss': '1.278', 'grad_norm': '0.1529', 'learning_rate': '2.207e-05', 'epoch': '4.208'}
{'loss': '1.469', 'grad_norm': '0.1684', 'learning_rate': '1.991e-05', 'epoch': '4.288'}
{'loss': '1.066', 'grad_norm': '0.1426', 'learning_rate': '1.774e-05', 'epoch': '4.368'}
{'loss': '0.8787', 'grad_norm': '0.1539', 'learning_rate': '1.558e-05', 'epoch': '4.448'}
{'loss': '1.256', 'grad_norm': '0.1341', 'learning_rate': '1.342e-05', 'epoch': '4.528'}
{'loss': '1.233', 'grad_norm': '0.1573', 'learning_rate': '1.125e-05', 'epoch': '4.608'}
{'loss': '1.197', 'grad_norm': '0.1481', 'learning_rate': '9.088e-06', 'epoch': '4.688'}
{'loss': '1.314', 'grad_norm': '0.1397', 'learning_rate': '6.924e-06', 'epoch': '4.768'}
{'loss': '1.168', 'grad_norm': '0.1453', 'learning_rate': '4.761e-06', 'epoch': '4.848'}
{'loss': '1.175', 'grad_norm': '0.1354', 'learning_rate': '2.597e-06', 'epoch': '4.928'}
{'loss': '0.9252', 'grad_norm': '0.09795', 'learning_rate': '4.328e-07', 'epoch': '5'}
{'train_runtime': '4281', 'train_samples_per_second': '0.584', 'train_steps_per_second': '0.074', 'train_loss': '2.819', 'epoch': '5'}

  F1 on eval set: 0.9703
  Checkpoint saved: models/saturation_results_35B.json

============================================================
  Step 6/7  |  train_size=600  |  eval_size=177
============================================================

==((====))==  Unsloth 2026.3.18: Fast Qwen3_5_MoE patching. Transformers: 5.3.0.
   \\   /|    NVIDIA RTX 6000 Ada Generation. Num GPUs = 2. Max memory: 47.374 GB. Platform: Linux.
O^O/ \_/ \    Torch: 2.11.0+cu130. CUDA: 8.9. CUDA Toolkit: 13.0. Triton: 3.6.0
\        /    Bfloat16 = TRUE. FA [Xformers = 0.0.35. FA2 = False]
 "-____-"     Free license: http://github.com/unslothai/unsloth
Unsloth: Fast downloading is enabled - ignore downloading bars which are red colored!
Unsloth: Detected MoE model with num_experts = 256 and target_modules = ['q_proj', 'k_proj', 'v_proj', 'o_proj', 'gate_proj', 'up_proj', 'down_proj']. Enabling LoRA on MoE parameters: ['mlp.experts.gate_up_proj', 'mlp.experts.down_proj']
Unsloth: Making `model.base_model.model.model.language_model` require gradients
{'loss': '19.86', 'grad_norm': '1.087', 'learning_rate': '5.28e-05', 'epoch': '0.06667'}
{'loss': '19.16', 'grad_norm': '0.9131', 'learning_rate': '0.0001188', 'epoch': '0.1333'}
{'loss': '17.17', 'grad_norm': '0.9401', 'learning_rate': '0.0001306', 'epoch': '0.2'}
{'loss': '14.98', 'grad_norm': '1.076', 'learning_rate': '0.0001287', 'epoch': '0.2667'}
{'loss': '12.79', 'grad_norm': '1.245', 'learning_rate': '0.0001269', 'epoch': '0.3333'}
{'loss': '10.29', 'grad_norm': '1.442', 'learning_rate': '0.0001251', 'epoch': '0.4'}
{'loss': '7.769', 'grad_norm': '1.393', 'learning_rate': '0.0001233', 'epoch': '0.4667'}
{'loss': '5.593', 'grad_norm': '1.473', 'learning_rate': '0.0001215', 'epoch': '0.5333'}
{'loss': '3.338', 'grad_norm': '1.467', 'learning_rate': '0.0001197', 'epoch': '0.6'}
{'loss': '1.863', 'grad_norm': '0.5774', 'learning_rate': '0.0001179', 'epoch': '0.6667'}
{'loss': '1.372', 'grad_norm': '0.3283', 'learning_rate': '0.0001161', 'epoch': '0.7333'}
{'loss': '1.545', 'grad_norm': '0.2645', 'learning_rate': '0.0001143', 'epoch': '0.8'}
{'loss': '1.567', 'grad_norm': '0.284', 'learning_rate': '0.0001125', 'epoch': '0.8667'}
{'loss': '1.243', 'grad_norm': '0.1907', 'learning_rate': '0.0001107', 'epoch': '0.9333'}
{'loss': '1.261', 'grad_norm': '0.2353', 'learning_rate': '0.0001089', 'epoch': '1'}
{'loss': '1.079', 'grad_norm': '0.1838', 'learning_rate': '0.000107', 'epoch': '1.067'}
{'loss': '1.223', 'grad_norm': '0.2218', 'learning_rate': '0.0001052', 'epoch': '1.133'}
{'loss': '1.64', 'grad_norm': '0.2789', 'learning_rate': '0.0001034', 'epoch': '1.2'}
{'loss': '1.318', 'grad_norm': '0.2591', 'learning_rate': '0.0001016', 'epoch': '1.267'}
{'loss': '1.403', 'grad_norm': '0.2319', 'learning_rate': '9.981e-05', 'epoch': '1.333'}
{'loss': '1.122', 'grad_norm': '0.2157', 'learning_rate': '9.8e-05', 'epoch': '1.4'}
{'loss': '1.421', 'grad_norm': '0.1801', 'learning_rate': '9.62e-05', 'epoch': '1.467'}
{'loss': '1.106', 'grad_norm': '0.1668', 'learning_rate': '9.439e-05', 'epoch': '1.533'}
{'loss': '1.247', 'grad_norm': '0.1479', 'learning_rate': '9.258e-05', 'epoch': '1.6'}
{'loss': '1.242', 'grad_norm': '0.286', 'learning_rate': '9.077e-05', 'epoch': '1.667'}
{'loss': '1.244', 'grad_norm': '0.1774', 'learning_rate': '8.896e-05', 'epoch': '1.733'}
{'loss': '1.211', 'grad_norm': '0.2243', 'learning_rate': '8.715e-05', 'epoch': '1.8'}
{'loss': '1.327', 'grad_norm': '0.1538', 'learning_rate': '8.535e-05', 'epoch': '1.867'}
{'loss': '1.182', 'grad_norm': '0.1691', 'learning_rate': '8.354e-05', 'epoch': '1.933'}
{'loss': '1.034', 'grad_norm': '0.156', 'learning_rate': '8.173e-05', 'epoch': '2'}
{'loss': '1.35', 'grad_norm': '0.1829', 'learning_rate': '7.992e-05', 'epoch': '2.067'}
{'loss': '1.014', 'grad_norm': '0.1515', 'learning_rate': '7.811e-05', 'epoch': '2.133'}
{'loss': '1.242', 'grad_norm': '0.1568', 'learning_rate': '7.631e-05', 'epoch': '2.2'}
{'loss': '1.066', 'grad_norm': '0.146', 'learning_rate': '7.45e-05', 'epoch': '2.267'}
{'loss': '1.068', 'grad_norm': '0.1321', 'learning_rate': '7.269e-05', 'epoch': '2.333'}
{'loss': '1.01', 'grad_norm': '0.1519', 'learning_rate': '7.088e-05', 'epoch': '2.4'}
{'loss': '1.126', 'grad_norm': '0.1345', 'learning_rate': '6.907e-05', 'epoch': '2.467'}
{'loss': '1.134', 'grad_norm': '0.1694', 'learning_rate': '6.726e-05', 'epoch': '2.533'}
{'loss': '1.024', 'grad_norm': '0.1348', 'learning_rate': '6.546e-05', 'epoch': '2.6'}
{'loss': '1.415', 'grad_norm': '0.1625', 'learning_rate': '6.365e-05', 'epoch': '2.667'}
{'loss': '1.2', 'grad_norm': '0.1448', 'learning_rate': '6.184e-05', 'epoch': '2.733'}
{'loss': '1.174', 'grad_norm': '0.1738', 'learning_rate': '6.003e-05', 'epoch': '2.8'}
{'loss': '1.318', 'grad_norm': '0.1281', 'learning_rate': '5.822e-05', 'epoch': '2.867'}
{'loss': '1.306', 'grad_norm': '0.1485', 'learning_rate': '5.642e-05', 'epoch': '2.933'}
{'loss': '1.34', 'grad_norm': '0.1606', 'learning_rate': '5.461e-05', 'epoch': '3'}
{'loss': '1.218', 'grad_norm': '0.1593', 'learning_rate': '5.28e-05', 'epoch': '3.067'}
{'loss': '1.154', 'grad_norm': '0.1453', 'learning_rate': '5.099e-05', 'epoch': '3.133'}
{'loss': '1.49', 'grad_norm': '0.1722', 'learning_rate': '4.918e-05', 'epoch': '3.2'}
{'loss': '0.9901', 'grad_norm': '0.1644', 'learning_rate': '4.737e-05', 'epoch': '3.267'}
{'loss': '1.079', 'grad_norm': '0.129', 'learning_rate': '4.557e-05', 'epoch': '3.333'}
{'loss': '1.088', 'grad_norm': '0.1314', 'learning_rate': '4.376e-05', 'epoch': '3.4'}
{'loss': '1.053', 'grad_norm': '0.1483', 'learning_rate': '4.195e-05', 'epoch': '3.467'}
{'loss': '1.091', 'grad_norm': '0.1526', 'learning_rate': '4.014e-05', 'epoch': '3.533'}
{'loss': '1.181', 'grad_norm': '0.1339', 'learning_rate': '3.833e-05', 'epoch': '3.6'}
{'loss': '1.15', 'grad_norm': '0.1283', 'learning_rate': '3.653e-05', 'epoch': '3.667'}
{'loss': '1.069', 'grad_norm': '0.1434', 'learning_rate': '3.472e-05', 'epoch': '3.733'}
{'loss': '1.199', 'grad_norm': '0.1667', 'learning_rate': '3.291e-05', 'epoch': '3.8'}
{'loss': '1.361', 'grad_norm': '0.1811', 'learning_rate': '3.11e-05', 'epoch': '3.867'}
{'loss': '1.24', 'grad_norm': '0.1624', 'learning_rate': '2.929e-05', 'epoch': '3.933'}
{'loss': '1.112', 'grad_norm': '0.1437', 'learning_rate': '2.748e-05', 'epoch': '4'}
{'loss': '1.042', 'grad_norm': '0.1344', 'learning_rate': '2.568e-05', 'epoch': '4.067'}
{'loss': '1.347', 'grad_norm': '0.1825', 'learning_rate': '2.387e-05', 'epoch': '4.133'}
{'loss': '1.262', 'grad_norm': '0.1427', 'learning_rate': '2.206e-05', 'epoch': '4.2'}
{'loss': '1.124', 'grad_norm': '0.1202', 'learning_rate': '2.025e-05', 'epoch': '4.267'}
{'loss': '0.933', 'grad_norm': '0.1369', 'learning_rate': '1.844e-05', 'epoch': '4.333'}
{'loss': '1.057', 'grad_norm': '0.1547', 'learning_rate': '1.664e-05', 'epoch': '4.4'}
{'loss': '1.088', 'grad_norm': '0.1475', 'learning_rate': '1.483e-05', 'epoch': '4.467'}
{'loss': '1.238', 'grad_norm': '0.197', 'learning_rate': '1.302e-05', 'epoch': '4.533'}
{'loss': '1.134', 'grad_norm': '0.1345', 'learning_rate': '1.121e-05', 'epoch': '4.6'}
{'loss': '1.275', 'grad_norm': '0.1927', 'learning_rate': '9.403e-06', 'epoch': '4.667'}
{'loss': '1.189', 'grad_norm': '0.1533', 'learning_rate': '7.594e-06', 'epoch': '4.733'}
{'loss': '0.9976', 'grad_norm': '0.1435', 'learning_rate': '5.786e-06', 'epoch': '4.8'}
{'loss': '1.185', 'grad_norm': '0.1311', 'learning_rate': '3.978e-06', 'epoch': '4.867'}
{'loss': '1.283', 'grad_norm': '0.1279', 'learning_rate': '2.17e-06', 'epoch': '4.933'}
{'loss': '1.145', 'grad_norm': '0.1542', 'learning_rate': '3.616e-07', 'epoch': '5'}
{'train_runtime': '4871', 'train_samples_per_second': '0.616', 'train_steps_per_second': '0.077', 'train_loss': '2.549', 'epoch': '5'}

  F1 on eval set: 0.9652
  Checkpoint saved: models/saturation_results_35B.json

============================================================
  Step 7/7  |  train_size=700  |  eval_size=177
============================================================

==((====))==  Unsloth 2026.3.18: Fast Qwen3_5_MoE patching. Transformers: 5.3.0.
   \\   /|    NVIDIA RTX 6000 Ada Generation. Num GPUs = 2. Max memory: 47.374 GB. Platform: Linux.
O^O/ \_/ \    Torch: 2.11.0+cu130. CUDA: 8.9. CUDA Toolkit: 13.0. Triton: 3.6.0
\        /    Bfloat16 = TRUE. FA [Xformers = 0.0.35. FA2 = False]
 "-____-"     Free license: http://github.com/unslothai/unsloth
Unsloth: Fast downloading is enabled - ignore downloading bars which are red colored!
Unsloth: Detected MoE model with num_experts = 256 and target_modules = ['q_proj', 'k_proj', 'v_proj', 'o_proj', 'gate_proj', 'up_proj', 'down_proj']. Enabling LoRA on MoE parameters: ['mlp.experts.gate_up_proj', 'mlp.experts.down_proj']
Unsloth: Making `model.base_model.model.model.language_model` require gradients
{'loss': '19.81', 'grad_norm': '1.089', 'learning_rate': '5.28e-05', 'epoch': '0.05714'}
{'loss': '19.12', 'grad_norm': '0.914', 'learning_rate': '0.0001188', 'epoch': '0.1143'}
{'loss': '17.1', 'grad_norm': '0.9314', 'learning_rate': '0.0001308', 'epoch': '0.1714'}
{'loss': '14.98', 'grad_norm': '1.073', 'learning_rate': '0.0001292', 'epoch': '0.2286'}
{'loss': '12.83', 'grad_norm': '1.254', 'learning_rate': '0.0001277', 'epoch': '0.2857'}
{'loss': '10.42', 'grad_norm': '1.446', 'learning_rate': '0.0001262', 'epoch': '0.3429'}
{'loss': '7.679', 'grad_norm': '1.358', 'learning_rate': '0.0001246', 'epoch': '0.4'}
{'loss': '5.283', 'grad_norm': '1.45', 'learning_rate': '0.0001231', 'epoch': '0.4571'}
{'loss': '3.242', 'grad_norm': '1.349', 'learning_rate': '0.0001216', 'epoch': '0.5143'}
{'loss': '1.757', 'grad_norm': '0.5638', 'learning_rate': '0.00012', 'epoch': '0.5714'}
{'loss': '1.642', 'grad_norm': '0.3793', 'learning_rate': '0.0001185', 'epoch': '0.6286'}
{'loss': '1.608', 'grad_norm': '0.3029', 'learning_rate': '0.000117', 'epoch': '0.6857'}
{'loss': '1.291', 'grad_norm': '0.233', 'learning_rate': '0.0001154', 'epoch': '0.7429'}
{'loss': '1.24', 'grad_norm': '0.2003', 'learning_rate': '0.0001139', 'epoch': '0.8'}
{'loss': '1.257', 'grad_norm': '0.2132', 'learning_rate': '0.0001124', 'epoch': '0.8571'}
{'loss': '1.172', 'grad_norm': '0.162', 'learning_rate': '0.0001108', 'epoch': '0.9143'}
{'loss': '1.242', 'grad_norm': '0.2649', 'learning_rate': '0.0001093', 'epoch': '0.9714'}
{'loss': '1.237', 'grad_norm': '0.2161', 'learning_rate': '0.0001077', 'epoch': '1.023'}
{'loss': '1.238', 'grad_norm': '0.2032', 'learning_rate': '0.0001062', 'epoch': '1.08'}
{'loss': '1.413', 'grad_norm': '0.1582', 'learning_rate': '0.0001047', 'epoch': '1.137'}
{'loss': '1.121', 'grad_norm': '0.1966', 'learning_rate': '0.0001031', 'epoch': '1.194'}
{'loss': '1.138', 'grad_norm': '0.1555', 'learning_rate': '0.0001016', 'epoch': '1.251'}
{'loss': '1.396', 'grad_norm': '0.2205', 'learning_rate': '0.0001001', 'epoch': '1.309'}
{'loss': '1.232', 'grad_norm': '0.2044', 'learning_rate': '9.854e-05', 'epoch': '1.366'}
{'loss': '1.156', 'grad_norm': '0.1591', 'learning_rate': '9.7e-05', 'epoch': '1.423'}
{'loss': '1.429', 'grad_norm': '0.1736', 'learning_rate': '9.547e-05', 'epoch': '1.48'}
{'loss': '1.298', 'grad_norm': '0.1999', 'learning_rate': '9.393e-05', 'epoch': '1.537'}
{'loss': '1.084', 'grad_norm': '0.1822', 'learning_rate': '9.24e-05', 'epoch': '1.594'}
{'loss': '1.257', 'grad_norm': '0.1404', 'learning_rate': '9.086e-05', 'epoch': '1.651'}
{'loss': '1.214', 'grad_norm': '0.1399', 'learning_rate': '8.933e-05', 'epoch': '1.709'}
{'loss': '1.247', 'grad_norm': '0.1605', 'learning_rate': '8.779e-05', 'epoch': '1.766'}
{'loss': '1.12', 'grad_norm': '0.1463', 'learning_rate': '8.626e-05', 'epoch': '1.823'}
{'loss': '1.128', 'grad_norm': '0.1191', 'learning_rate': '8.472e-05', 'epoch': '1.88'}
{'loss': '1.252', 'grad_norm': '0.2017', 'learning_rate': '8.319e-05', 'epoch': '1.937'}
{'loss': '1.09', 'grad_norm': '0.1587', 'learning_rate': '8.165e-05', 'epoch': '1.994'}
{'loss': '0.8671', 'grad_norm': '0.1823', 'learning_rate': '8.012e-05', 'epoch': '2.046'}
{'loss': '1.115', 'grad_norm': '0.1374', 'learning_rate': '7.858e-05', 'epoch': '2.103'}
{'loss': '1.189', 'grad_norm': '0.1882', 'learning_rate': '7.705e-05', 'epoch': '2.16'}
{'loss': '1.269', 'grad_norm': '0.16', 'learning_rate': '7.552e-05', 'epoch': '2.217'}
{'loss': '1.208', 'grad_norm': '0.1745', 'learning_rate': '7.398e-05', 'epoch': '2.274'}
{'loss': '1.118', 'grad_norm': '0.1529', 'learning_rate': '7.245e-05', 'epoch': '2.331'}
{'loss': '1.385', 'grad_norm': '0.2019', 'learning_rate': '7.091e-05', 'epoch': '2.389'}
{'loss': '1.247', 'grad_norm': '0.1416', 'learning_rate': '6.938e-05', 'epoch': '2.446'}
{'loss': '1.282', 'grad_norm': '0.1488', 'learning_rate': '6.784e-05', 'epoch': '2.503'}
{'loss': '1.139', 'grad_norm': '0.1623', 'learning_rate': '6.631e-05', 'epoch': '2.56'}
{'loss': '1.107', 'grad_norm': '0.1515', 'learning_rate': '6.477e-05', 'epoch': '2.617'}
{'loss': '1.15', 'grad_norm': '0.1278', 'learning_rate': '6.324e-05', 'epoch': '2.674'}
{'loss': '1.239', 'grad_norm': '0.1628', 'learning_rate': '6.17e-05', 'epoch': '2.731'}
{'loss': '1.26', 'grad_norm': '0.1287', 'learning_rate': '6.017e-05', 'epoch': '2.789'}
{'loss': '1.123', 'grad_norm': '0.1634', 'learning_rate': '5.863e-05', 'epoch': '2.846'}
{'loss': '0.9772', 'grad_norm': '0.1521', 'learning_rate': '5.71e-05', 'epoch': '2.903'}
{'loss': '1.06', 'grad_norm': '0.1589', 'learning_rate': '5.556e-05', 'epoch': '2.96'}
{'loss': '1.151', 'grad_norm': '0.1236', 'learning_rate': '5.403e-05', 'epoch': '3.011'}
{'loss': '1.26', 'grad_norm': '0.1831', 'learning_rate': '5.249e-05', 'epoch': '3.069'}
{'loss': '1.08', 'grad_norm': '0.1466', 'learning_rate': '5.096e-05', 'epoch': '3.126'}
{'loss': '1.229', 'grad_norm': '0.1454', 'learning_rate': '4.942e-05', 'epoch': '3.183'}
{'loss': '0.999', 'grad_norm': '0.1564', 'learning_rate': '4.789e-05', 'epoch': '3.24'}
{'loss': '1.269', 'grad_norm': '0.1643', 'learning_rate': '4.635e-05', 'epoch': '3.297'}
{'loss': '1.087', 'grad_norm': '0.138', 'learning_rate': '4.482e-05', 'epoch': '3.354'}
{'loss': '1.149', 'grad_norm': '0.1738', 'learning_rate': '4.328e-05', 'epoch': '3.411'}
{'loss': '1.179', 'grad_norm': '0.1483', 'learning_rate': '4.175e-05', 'epoch': '3.469'}
{'loss': '1.06', 'grad_norm': '0.1552', 'learning_rate': '4.021e-05', 'epoch': '3.526'}
{'loss': '1.293', 'grad_norm': '0.1707', 'learning_rate': '3.868e-05', 'epoch': '3.583'}
{'loss': '1.029', 'grad_norm': '0.1354', 'learning_rate': '3.714e-05', 'epoch': '3.64'}
{'loss': '1.077', 'grad_norm': '0.1552', 'learning_rate': '3.561e-05', 'epoch': '3.697'}
{'loss': '1.129', 'grad_norm': '0.139', 'learning_rate': '3.407e-05', 'epoch': '3.754'}
{'loss': '1.132', 'grad_norm': '0.1652', 'learning_rate': '3.254e-05', 'epoch': '3.811'}
{'loss': '1.201', 'grad_norm': '0.1561', 'learning_rate': '3.1e-05', 'epoch': '3.869'}
{'loss': '1.302', 'grad_norm': '0.1635', 'learning_rate': '2.947e-05', 'epoch': '3.926'}
{'loss': '1.171', 'grad_norm': '0.1189', 'learning_rate': '2.793e-05', 'epoch': '3.983'}
{'loss': '1.017', 'grad_norm': '0.144', 'learning_rate': '2.64e-05', 'epoch': '4.034'}
{'loss': '1.217', 'grad_norm': '0.1556', 'learning_rate': '2.486e-05', 'epoch': '4.091'}
{'loss': '1.066', 'grad_norm': '0.1447', 'learning_rate': '2.333e-05', 'epoch': '4.149'}
{'loss': '1.108', 'grad_norm': '0.1303', 'learning_rate': '2.179e-05', 'epoch': '4.206'}
{'loss': '0.9424', 'grad_norm': '0.1327', 'learning_rate': '2.026e-05', 'epoch': '4.263'}
{'loss': '1.055', 'grad_norm': '0.141', 'learning_rate': '1.873e-05', 'epoch': '4.32'}
{'loss': '1.183', 'grad_norm': '0.1856', 'learning_rate': '1.719e-05', 'epoch': '4.377'}
{'loss': '1.144', 'grad_norm': '0.1548', 'learning_rate': '1.566e-05', 'epoch': '4.434'}
{'loss': '1.163', 'grad_norm': '0.1459', 'learning_rate': '1.412e-05', 'epoch': '4.491'}
{'loss': '1.092', 'grad_norm': '0.1587', 'learning_rate': '1.259e-05', 'epoch': '4.549'}
{'loss': '1.159', 'grad_norm': '0.1393', 'learning_rate': '1.105e-05', 'epoch': '4.606'}
{'loss': '1.044', 'grad_norm': '0.1663', 'learning_rate': '9.516e-06', 'epoch': '4.663'}
{'loss': '1.14', 'grad_norm': '0.16', 'learning_rate': '7.981e-06', 'epoch': '4.72'}
{'loss': '1.087', 'grad_norm': '0.1358', 'learning_rate': '6.446e-06', 'epoch': '4.777'}
{'loss': '1.357', 'grad_norm': '0.1696', 'learning_rate': '4.912e-06', 'epoch': '4.834'}
{'loss': '1.319', 'grad_norm': '0.1326', 'learning_rate': '3.377e-06', 'epoch': '4.891'}
{'loss': '1.116', 'grad_norm': '0.1184', 'learning_rate': '1.842e-06', 'epoch': '4.949'}
{'loss': '1.14', 'grad_norm': '0.0991', 'learning_rate': '3.07e-07', 'epoch': '5'}
{'train_runtime': '5807', 'train_samples_per_second': '0.603', 'train_steps_per_second': '0.076', 'train_loss': '2.325', 'epoch': '5'}

  F1 on eval set: 0.9552
  Checkpoint saved: models/saturation_results_35B.json

Generating saturation curve plot...
Plot saved to models/saturation_curve_35B.png

All done!
Results: models/saturation_results_35B.json
Plot:    models/saturation_curve_35B.png
